Watching for file changes with StatReloader
[22/Jun/2026 15:26:40] "GET / HTTP/1.1" 200 3577
[22/Jun/2026 15:26:40] "GET /products/ HTTP/1.1" 200 7054
[22/Jun/2026 15:36:53] "GET /admin/ HTTP/1.1" 302 0
[22/Jun/2026 15:36:53] "GET /admin/login/?next=/admin/ HTTP/1.1" 200 4164
[22/Jun/2026 15:36:53] "GET /static/admin/js/theme.js HTTP/1.1" 200 1653
[22/Jun/2026 15:36:53] "GET /static/admin/css/base.css HTTP/1.1" 200 22092
[22/Jun/2026 15:36:53] "GET /static/admin/css/login.css HTTP/1.1" 200 951
[22/Jun/2026 15:36:53] "GET /static/admin/css/responsive.css HTTP/1.1" 200 17972
[22/Jun/2026 15:36:53] "GET /static/admin/css/nav_sidebar.css HTTP/1.1" 200 2810
[22/Jun/2026 15:36:53] "GET /static/admin/js/nav_sidebar.js HTTP/1.1" 200 3063
[22/Jun/2026 15:36:54] "GET /static/admin/css/dark_mode.css HTTP/1.1" 200 2804
Not Found: /favicon.ico
[22/Jun/2026 15:36:54] "GET /favicon.ico HTTP/1.1" 404 3131
[22/Jun/2026 15:37:46] "GET / HTTP/1.1" 200 3577
Not Found: /favicon.ico
[22/Jun/2026 15:37:47] "GET /favicon.ico HTTP/1.1" 404 3131
[22/Jun/2026 15:38:06] "GET /products/ HTTP/1.1" 200 7054
[22/Jun/2026 15:38:26] "GET /products/?q=hop&category=&min_price=&max_price=&sort=newest HTTP/1.1" 200 498
[22/Jun/2026 15:38:29] "GET /products/?q=hop&category=&min_price=&max_price=&sort=newest HTTP/1.1" 200 498
[22/Jun/2026 15:38:32] "GET /products/?q=hop&category=&min_price=0.01&max_price=&sort=newest HTTP/1.1" 200 498
[22/Jun/2026 15:38:40] "GET /products/?q=hop&category=&min_price=0.01&max_price=0.84&sort=newest HTTP/1.1" 200 498
[22/Jun/2026 15:38:42] "GET /products/?q=hop&category=&min_price=0.01&max_price=0.84&sort=newest HTTP/1.1" 200 498
[22/Jun/2026 15:38:45] "GET /products/?q=hop&category=&min_price=0.01&max_price=0.84&sort=newest HTTP/1.1" 200 498
[22/Jun/2026 15:38:47] "GET / HTTP/1.1" 200 3577
[22/Jun/2026 15:38:50] "GET /products/ HTTP/1.1" 200 7054
[22/Jun/2026 15:38:56] "GET /admin/ HTTP/1.1" 302 0
[22/Jun/2026 15:38:56] "GET /admin/login/?next=/admin/ HTTP/1.1" 200 4164
[22/Jun/2026 15:38:56] "GET /static/admin/css/dark_mode.css HTTP/1.1" 200 2804
[22/Jun/2026 15:38:56] "GET /static/admin/css/base.css HTTP/1.1" 200 22092
[22/Jun/2026 15:38:56] "GET /static/admin/css/nav_sidebar.css HTTP/1.1" 200 2810
[22/Jun/2026 15:38:56] "GET /static/admin/css/login.css HTTP/1.1" 200 951
[22/Jun/2026 15:38:56] "GET /static/admin/js/theme.js HTTP/1.1" 200 1653
[22/Jun/2026 15:38:56] "GET /static/admin/css/responsive.css HTTP/1.1" 200 17972
[22/Jun/2026 15:38:56] "GET /static/admin/js/nav_sidebar.js HTTP/1.1" 200 3063
[22/Jun/2026 15:46:52] "GET /products/ HTTP/1.1" 200 7054
[22/Jun/2026 15:47:24] "GET /products/ HTTP/1.1" 200 7054
[22/Jun/2026 15:48:06] "POST /admin/login/?next=/admin/ HTTP/1.1" 200 4347
[22/Jun/2026 15:48:26] "POST /admin/login/?next=/admin/ HTTP/1.1" 302 0
[22/Jun/2026 15:48:26] "GET /admin/ HTTP/1.1" 200 8729
[22/Jun/2026 15:48:26] "GET /static/admin/css/dashboard.css HTTP/1.1" 200 441
[22/Jun/2026 15:48:26] "GET /static/admin/img/icon-changelink.svg HTTP/1.1" 200 380
[22/Jun/2026 15:48:26] "GET /static/admin/img/icon-addlink.svg HTTP/1.1" 200 331
[22/Jun/2026 15:48:40] "GET /admin/auth/group/ HTTP/1.1" 200 9663
[22/Jun/2026 15:48:40] "GET /static/admin/css/changelists.css HTTP/1.1" 200 6878
[22/Jun/2026 15:48:40] "GET /static/admin/js/jquery.init.js HTTP/1.1" 200 347
[22/Jun/2026 15:48:40] "GET /static/admin/js/actions.js HTTP/1.1" 200 8076
[22/Jun/2026 15:48:40] "GET /static/admin/js/urlify.js HTTP/1.1" 200 7887
[22/Jun/2026 15:48:40] "GET /static/admin/js/prepopulate.js HTTP/1.1" 200 1531
[22/Jun/2026 15:48:40] "GET /static/admin/js/core.js HTTP/1.1" 200 6208
[22/Jun/2026 15:48:40] "GET /static/admin/js/admin/RelatedObjectLookups.js HTTP/1.1" 200 9097
[22/Jun/2026 15:48:40] "GET /static/admin/img/search.svg HTTP/1.1" 200 458
[22/Jun/2026 15:48:40] "GET /static/admin/js/vendor/jquery/jquery.js HTTP/1.1" 200 285314
[22/Jun/2026 15:48:40] "GET /static/admin/js/vendor/xregexp/xregexp.js HTTP/1.1" 200 325171
[22/Jun/2026 15:48:40] "GET /static/admin/js/filters.js HTTP/1.1" 200 978
[22/Jun/2026 15:48:40] "GET /admin/jsi18n/ HTTP/1.1" 200 3342
[22/Jun/2026 15:48:40] "GET /static/admin/img/tooltag-add.svg HTTP/1.1" 200 331
[22/Jun/2026 15:49:09] "GET /admin/ HTTP/1.1" 200 8729
[22/Jun/2026 15:49:14] "GET /products/ HTTP/1.1" 200 7054
[22/Jun/2026 15:49:17] "GET / HTTP/1.1" 200 3577
[22/Jun/2026 15:49:22] "GET / HTTP/1.1" 200 3577
